設計參數  wn = 62.832 rad/s (10.0 Hz)   zeta = 2.0
閉迴路極點  -16.84 rad/s (2.68 Hz) 與 -234.49 rad/s (37.32 Hz)
→ 主導頻寬約 2.68 Hz；策略 Nyquist = 25 Hz；比值 9.3x
→ 低階迴路 500 Hz，每個策略指令被 ZOH 保持 10 拍

致動器                armature       kp      kd     力矩上限  action_scale       滿幅反轉力矩
--------------------------------------------------------------------------------
5020                0.00361    14.25   0.907     25.0        0.4386         12.5
                關節：shoulder p/r/y, elbow, wrist_roll
7520_14             0.01018    40.18   2.558     88.0        0.5475         44.0
                關節：hip_pitch, hip_yaw, waist_yaw
7520_22             0.02510    99.10   6.309    139.0        0.3507         69.5
                關節：hip_roll, knee
4010                0.00425    16.78   1.068      5.0        0.0745          2.5
                關節：wrist_pitch, wrist_yaw
ANKLE (2x5020)      0.00722    28.50   1.814     50.0        0.4386         25.0
                關節：ankle_pitch, ankle_roll  <-- 四連桿，幾何未知，原始碼自承假設 1:1
WAIST (2x5020)      0.00722    28.50   1.814     50.0        0.4386         25.0
                關節：waist_pitch, waist_roll

注意：滿幅反轉力矩 = kp * 2 * (0.25*e/kp) = 0.5*e —— 與關節無關，
      恆等於力矩上限的一半。這是 mjlab 自己的 action_scale 慣例直接推出的。
